2025-05-13T16:12:15.092СТАТУС : Данные собраны и отправленны на дальнейшую обработку.2025-05-13T16:12:15.094СТАТУС : Пакет данных полностью укомплектован.2025-05-13T16:12:15.094СТАТУС : Проверка содержимого пакета перед отправкой.2025-05-13T16:12:15.108СТАТУС : Пакет данных успешно доставлен на сервер.2025-05-13 17:15:53 СТАТУС : Данные собраны и отправленны на дальнейшую обработку.
2025-05-13 17:15:53 СТАТУС : Пакет данных полностью укомплектован.
2025-05-13 17:15:53 СТАТУС : Проверка содержимого пакета перед отправкой.
2025-05-13 17:15:53 СТАТУС : Пакет данных успешно доставлен на сервер.
2025-05-13 17:17:29 СТАТУС : Данные собраны и отправленны на дальнейшую обработку.
2025-05-13 17:17:29 СТАТУС : Пакет данных полностью укомплектован.
2025-05-13 17:17:29 СТАТУС : Проверка содержимого пакета перед отправкой.
2025-05-13 17:17:29 СТАТУС : Пакет данных успешно доставлен на сервер.
2025-05-13 18:10:36 СТАТУС : Данные собраны и отправленны на дальнейшую обработку.
2025-05-13 18:10:36 СТАТУС : Проверка содержимого пакета перед отправкой.
2025-05-13 18:10:36 СТАТУС : Пакет данных успешно доставлен на сервер.
2025-05-13 18:11:15 СТАТУС : Данные собраны и отправленны на дальнейшую обработку.
2025-05-13 18:11:15 СТАТУС : Проверка содержимого пакета перед отправкой.
2025-05-13 18:11:15 СТАТУС : Пакет данных успешно доставлен на сервер.
2025-05-13 18:12:53 СТАТУС : Данные собраны и отправленны на дальнейшую обработку.
2025-05-13 18:12:53 СТАТУС : Проверка содержимого пакета перед отправкой.
2025-05-13 18:12:53 СТАТУС : Пакет данных успешно доставлен на сервер.
2025-05-13T18:32:23.816СОШИБКА ! Некоректный ввод. Попробуйте еще раз.2025-05-13T18:32:33.394СОШИБКА ! Ввести нужно именно число.2025-05-13T18:32:33.394СОШИБКА ! Некоректный ввод. Попробуйте еще раз.2025-05-13T18:32:42.458СОШИБКА ! Некоректный ввод. Попробуйте еще раз.2025-05-13T18:32:49.834СОШИБКА ! Введены неверные данные. Повторите ввод2025-05-13 18:32:56 СТАТУС : Данные собраны и отправленны на дальнейшую обработку.
2025-05-13 18:32:56 СТАТУС : Проверка содержимого пакета перед отправкой.
2025-05-13 18:32:56 СТАТУС : Пакет данных успешно доставлен на сервер.
2025-05-13 18:36:10 СОШИБКА ! Некоректный ввод. Попробуйте еще раз.
2025-05-13 18:36:13 СОШИБКА ! Некоректный ввод. Попробуйте еще раз.
2025-05-13 18:36:18 СОШИБКА ! Ввести нужно именно число.
2025-05-13 18:36:18 СОШИБКА ! Некоректный ввод. Попробуйте еще раз.
2025-05-13 18:36:23 СТАТУС : Данные собраны и отправленны на дальнейшую обработку.
2025-05-13 18:36:23 СТАТУС : Проверка содержимого пакета перед отправкой.
2025-05-13 18:36:23 СТАТУС : Пакет данных успешно доставлен на сервер.
2025-05-13 18:56:22 СТАТУС : Данные собраны и отправленны на дальнейшую обработку.
2025-05-13 18:56:22 СТАТУС : Проверка содержимого пакета перед отправкой.
2025-05-13 18:59:59 СТАТУС : Данные собраны и отправленны на дальнейшую обработку.
2025-05-13 18:59:59 СТАТУС : Проверка содержимого пакета перед отправкой.
2025-05-13 19:00:12 СОШИБКА ! Сбой при приеме данных
2025-05-13 19:00:12 СТАТУС : null
2025-05-13 19:01:44 СТАТУС : Данные собраны и отправленны на дальнейшую обработку.
2025-05-13 19:01:44 СТАТУС : Проверка содержимого пакета перед отправкой.
2025-05-13 19:01:50 СОШИБКА ! Сбой при приеме данных
2025-05-13 19:01:50 СТАТУС : null
2025-05-13 19:05:21 СТАТУС : Данные собраны и отправленны на дальнейшую обработку.
2025-05-13 19:05:21 СТАТУС : Проверка содержимого пакета перед отправкой.
2025-05-13 19:05:26 СОШИБКА ! Сбой при приеме данных
2025-05-13 19:05:26 СТАТУС : null
2025-05-13 19:07:59 СТАТУС : Данные собраны и отправленны на дальнейшую обработку.
2025-05-13 19:07:59 СТАТУС : Проверка содержимого пакета перед отправкой.
2025-05-13 19:08:21 СОШИБКА ! Сбой при приеме данных
2025-05-13 19:08:21 СТАТУС : null
2025-05-13 19:13:52 СТАТУС : Данные собраны и отправленны на дальнейшую обработку.
2025-05-13 19:13:52 СТАТУС : Проверка содержимого пакета перед отправкой.
2025-05-13 19:14:07 СОШИБКА ! Сбой при приеме данных
2025-05-13 19:14:07 СТАТУС : null
2025-05-13 19:16:03 СТАТУС : Данные собраны и отправленны на дальнейшую обработку.
2025-05-13 19:16:03 СТАТУС : Проверка содержимого пакета перед отправкой.
2025-05-13 19:16:09 СОШИБКА ! Сбой при приеме данных
2025-05-13 19:16:09 СТАТУС : null
2025-05-13 19:23:53 СТАТУС : Данные собраны и отправленны на дальнейшую обработку.
2025-05-13 19:23:53 СТАТУС : Проверка содержимого пакета перед отправкой.
2025-05-13 19:23:53 СТАТУС : Пакет данных успешно доставлен на сервер.
2025-05-13 19:27:23 СТАТУС : Данные собраны и отправленны на дальнейшую обработку.
2025-05-13 19:27:23 СТАТУС : Проверка содержимого пакета перед отправкой.
2025-05-13 19:28:03 СТАТУС : Данные собраны и отправленны на дальнейшую обработку.
2025-05-13 19:28:24 СТАТУС : Данные собраны и отправленны на дальнейшую обработку.
2025-05-13 19:28:41 СОШИБКА ! Сбой при приеме данных
2025-05-13 19:28:41 СТАТУС : 
2025-05-13 19:29:13 СТАТУС : Данные собраны и отправленны на дальнейшую обработку.
2025-05-13 19:29:13 СТАТУС : Проверка содержимого пакета перед отправкой.
2025-05-13 19:29:13 СТАТУС : Пакет данных успешно доставлен на сервер.
2025-05-13 19:29:40 СТАТУС : Данные собраны и отправленны на дальнейшую обработку.
2025-05-13 19:29:40 СТАТУС : Проверка содержимого пакета перед отправкой.
2025-05-13 19:32:48 СТАТУС : Данные собраны и отправленны на дальнейшую обработку.
2025-05-13 19:32:48 СТАТУС : Проверка содержимого пакета перед отправкой.
2025-05-13 19:32:48 СТАТУС : Пакет данных успешно доставлен на сервер.
2025-05-13 19:41:11 СТАТУС : Данные собраны и отправленны на дальнейшую обработку.
2025-05-13 19:41:11 СТАТУС : Проверка содержимого пакета перед отправкой.
2025-05-13 19:41:11 СТАТУС : Пакет данных успешно доставлен на сервер.
2025-05-13 19:41:58 СТАТУС : Данные собраны и отправленны на дальнейшую обработку.
2025-05-13 19:41:58 СТАТУС : Проверка содержимого пакета перед отправкой.
2025-05-13 19:42:37 СТАТУС : Данные собраны и отправленны на дальнейшую обработку.
2025-05-13 19:42:37 СТАТУС : Проверка содержимого пакета перед отправкой.
2025-05-13 19:42:37 СТАТУС : Пакет данных успешно доставлен на сервер.
2025-05-13 19:47:03 СТАТУС : Данные собраны и отправленны на дальнейшую обработку.
2025-05-13 19:47:03 СТАТУС : Проверка содержимого пакета перед отправкой.
2025-05-13 19:47:03 СТАТУС : Пакет данных успешно доставлен на сервер.
2025-05-13 19:50:20 СТАТУС : Данные собраны и отправленны на дальнейшую обработку.
2025-05-13 19:50:20 СТАТУС : Проверка содержимого пакета перед отправкой.
2025-05-13 19:50:20 СТАТУС : Пакет данных успешно доставлен на сервер.
2025-05-13 19:55:08 СТАТУС : Данные собраны и отправленны на дальнейшую обработку.
2025-05-13 19:55:08 СТАТУС : Проверка содержимого пакета перед отправкой.
2025-05-13 19:55:08 СТАТУС : Пакет данных успешно доставлен на сервер.
2025-05-13 19:58:01 СОШИБКА ! Введены неверные данные. Повторите ввод
2025-05-13 19:58:06 СТАТУС : Данные собраны и отправленны на дальнейшую обработку.
2025-05-13 19:58:06 СТАТУС : Проверка содержимого пакета перед отправкой.
2025-05-13 19:58:06 СТАТУС : Пакет данных успешно доставлен на сервер.
2025-05-13 19:58:41 СТАТУС : Данные собраны и отправленны на дальнейшую обработку.
2025-05-13 19:58:41 СТАТУС : Проверка содержимого пакета перед отправкой.
2025-05-13 19:58:59 СОШИБКА ! Сбой при приеме данных
2025-05-13 19:58:59 СТАТУС : 
2025-05-13 20:00:08 СТАТУС : Данные собраны и отправленны на дальнейшую обработку.
2025-05-13 20:00:08 СТАТУС : Проверка содержимого пакета перед отправкой.
2025-05-13 20:05:57 СТАТУС : Данные собраны и отправленны на дальнейшую обработку.
2025-05-13 20:05:57 СТАТУС : Проверка содержимого пакета перед отправкой.
2025-05-13 20:05:57 СОШИБКА ! Сбой при отправлении данных!
2025-05-13 20:06:06 СОШИБКА ! Сбой при приеме данных
2025-05-13 20:06:06 СТАТУС : 
2025-05-13 20:08:00 СТАТУС : Данные собраны и отправленны на дальнейшую обработку.
2025-05-13 20:08:00 СТАТУС : Проверка содержимого пакета перед отправкой.
2025-05-13 20:08:05 СОШИБКА ! Сбой при приеме данных
2025-05-13 20:08:05 СТАТУС : 
2025-05-13 20:10:29 СТАТУС : Данные собраны и отправленны на дальнейшую обработку.
2025-05-13 20:10:29 СТАТУС : Проверка содержимого пакета перед отправкой.
2025-05-13 20:10:29 СТАТУС : Пакет данных успешно доставлен на сервер.
2025-05-13 20:12:41 СТАТУС : Данные собраны и отправленны на дальнейшую обработку.
2025-05-13 20:12:41 СТАТУС : Проверка содержимого пакета перед отправкой.
2025-05-13 20:12:41 СТАТУС : Пакет данных успешно доставлен на сервер.
2025-05-13 22:07:44 СТАТУС : Данные собраны и отправленны на дальнейшую обработку.
2025-05-13 22:07:44 СТАТУС : Проверка содержимого пакета перед отправкой.
2025-05-13 22:07:44 СТАТУС : Пакет данных успешно доставлен на сервер.
2025-05-13 22:22:18 СТАТУС : Данные собраны и отправленны на дальнейшую обработку.
2025-05-13 22:22:18 СТАТУС : Проверка содержимого пакета перед отправкой.
2025-05-13 22:22:18 СТАТУС : Пакет данных успешно доставлен на сервер.
2025-05-13 22:23:37 СТАТУС : Данные собраны и отправленны на дальнейшую обработку.
2025-05-13 22:23:37 СТАТУС : Проверка содержимого пакета перед отправкой.
2025-05-13 22:23:37 СТАТУС : Пакет данных успешно доставлен на сервер.
2025-05-13 22:24:03 СТАТУС : Данные собраны и отправленны на дальнейшую обработку.
2025-05-13 22:24:03 СТАТУС : Проверка содержимого пакета перед отправкой.
2025-05-13 22:24:03 СТАТУС : Пакет данных успешно доставлен на сервер.
2025-05-13 22:24:11 СТАТУС : Данные собраны и отправленны на дальнейшую обработку.
2025-05-13 22:24:11 СТАТУС : Проверка содержимого пакета перед отправкой.
2025-05-13 22:24:11 СТАТУС : Пакет данных успешно доставлен на сервер.
2025-05-13 22:26:16 СТАТУС : Данные собраны и отправленны на дальнейшую обработку.
2025-05-13 22:26:16 СТАТУС : Проверка содержимого пакета перед отправкой.
2025-05-13 22:26:16 СТАТУС : Пакет данных успешно доставлен на сервер.
2025-05-14 00:31:50 СТАТУС : Данные собраны и отправленны на дальнейшую обработку.
2025-05-14 00:31:50 СТАТУС : Проверка содержимого пакета перед отправкой.
2025-05-14 00:31:50 СТАТУС : Пакет данных успешно доставлен на сервер.
2025-05-14 00:36:53 СТАТУС : Данные собраны и отправленны на дальнейшую обработку.
2025-05-14 00:36:53 СТАТУС : Проверка содержимого пакета перед отправкой.
2025-05-14 00:36:53 СТАТУС : Пакет данных успешно доставлен на сервер.
2025-05-14 00:38:12 СТАТУС : Данные собраны и отправленны на дальнейшую обработку.
2025-05-14 00:38:13 СТАТУС : Проверка содержимого пакета перед отправкой.
2025-05-14 00:38:13 СТАТУС : Пакет данных успешно доставлен на сервер.
2025-05-14 00:39:39 СТАТУС : Данные собраны и отправленны на дальнейшую обработку.
2025-05-14 00:39:39 СТАТУС : Проверка содержимого пакета перед отправкой.
2025-05-14 00:39:39 СТАТУС : Пакет данных успешно доставлен на сервер.
2025-05-14 00:41:23 СТАТУС : Данные собраны и отправленны на дальнейшую обработку.
2025-05-14 00:41:23 СТАТУС : Проверка содержимого пакета перед отправкой.
2025-05-14 00:41:23 СТАТУС : Пакет данных успешно доставлен на сервер.
2025-05-14 00:42:20 СТАТУС : Данные собраны и отправленны на дальнейшую обработку.
2025-05-14 00:42:20 СТАТУС : Проверка содержимого пакета перед отправкой.
2025-05-14 00:42:20 СТАТУС : Пакет данных успешно доставлен на сервер.
2025-05-14 00:46:44 СТАТУС : Данные собраны и отправленны на дальнейшую обработку.
2025-05-14 00:46:44 СТАТУС : Проверка содержимого пакета перед отправкой.
2025-05-14 00:46:44 СТАТУС : Пакет данных успешно доставлен на сервер.
2025-05-14 00:50:09 СТАТУС : Данные собраны и отправленны на дальнейшую обработку.
2025-05-14 00:50:09 СТАТУС : Проверка содержимого пакета перед отправкой.
2025-05-14 00:50:09 СТАТУС : Пакет данных успешно доставлен на сервер.
2025-05-14 00:51:41 СТАТУС : Данные собраны и отправленны на дальнейшую обработку.
2025-05-14 00:51:41 СТАТУС : Проверка содержимого пакета перед отправкой.
2025-05-14 00:51:41 СТАТУС : Пакет данных успешно доставлен на сервер.
2025-05-14 00:52:17 СТАТУС : Данные собраны и отправленны на дальнейшую обработку.
2025-05-14 00:52:17 СТАТУС : Проверка содержимого пакета перед отправкой.
2025-05-14 00:52:17 СТАТУС : Пакет данных успешно доставлен на сервер.
2025-05-14 11:32:45 СТАТУС : Данные собраны и отправленны на дальнейшую обработку.
2025-05-14 11:32:45 СТАТУС : Проверка содержимого пакета перед отправкой.
Содержимое пакета данных.
Сигнатура - (13)JU84
Имя пользователя - Иван Залупа
Способ вывода данных на сервере - CONSOLE
Выбранный температурный режим - 22 градуса.
Длинна данных в байтах - 279
CRC32 - 2755253903
2025-05-14 11:32:45 СТАТУС : Пакет данных успешно доставлен на сервер.
2025-05-14 11:33:02 СТАТУС : Данные собраны и отправленны на дальнейшую обработку.
2025-05-14 11:33:02 СТАТУС : Проверка содержимого пакета перед отправкой.
Содержимое пакета данных.
Сигнатура - (13)JU84
Имя пользователя - Иван Залупа
Способ вывода данных на сервере - PLAIN
Выбранные температурные режимы.
Ночь - 22 градуса.
Вечер - 33 градуса.
Утро - 22 градуса.
Длинна данных в байтах - 1402
CRC32 - 487666999
2025-05-14 11:33:06 СОШИБКА ! Сбой при приеме данных
2025-05-14 11:33:06 СТАТУС : 
2025-05-14 11:45:24 СТАТУС : Данные собраны и отправленны на дальнейшую обработку.
2025-05-14 11:45:24 СТАТУС : Проверка содержимого пакета перед отправкой.
Содержимое пакета данных.
Сигнатура - (13)JU84
Имя пользователя - Иван Залупа
Способ вывода данных на сервере - CONSOLE
Выбранный температурный режим - 33 градуса.
Длинна данных в байтах - 279
CRC32 - 285430245
2025-05-14 11:45:24 СТАТУС : Пакет данных успешно доставлен на сервер.
2025-05-14 11:46:03 СТАТУС : Данные собраны и отправленны на дальнейшую обработку.
2025-05-14 11:46:03 СТАТУС : Проверка содержимого пакета перед отправкой.
Содержимое пакета данных.
Сигнатура - (13)JU84
Имя пользователя - Иван Залупа
Способ вывода данных на сервере - CONSOLE
Выбранный температурный режим - 22 градуса.
Длинна данных в байтах - 279
CRC32 - 2755253903
2025-05-14 11:46:03 СТАТУС : Пакет данных успешно доставлен на сервер.
2025-05-14 11:46:13 СТАТУС : Данные собраны и отправленны на дальнейшую обработку.
2025-05-14 11:46:13 СТАТУС : Проверка содержимого пакета перед отправкой.
Содержимое пакета данных.
Сигнатура - (13)JU84
Имя пользователя - Иван Залупа
Способ вывода данных на сервере - CONSOLE
Выбранный температурный режим - 33 градуса.
Длинна данных в байтах - 279
CRC32 - 285430245
2025-05-14 11:46:22 СОШИБКА ! Сбой при приеме данных
2025-05-14 11:46:22 СТАТУС : 
2025-05-14 11:52:05 СТАТУС : Данные собраны и отправленны на дальнейшую обработку.
2025-05-14 11:52:05 СТАТУС : Проверка содержимого пакета перед отправкой.
Содержимое пакета данных.
Сигнатура - (13)JU84
Имя пользователя - Иван Залупа
Способ вывода данных на сервере - CONSOLE
Выбранный температурный режим - 22 градуса.
Длинна данных в байтах - 279
CRC32 - 2755253903
2025-05-14 11:52:05 СТАТУС : Пакет данных успешно доставлен на сервер.
2025-05-14 11:52:19 СТАТУС : Данные собраны и отправленны на дальнейшую обработку.
2025-05-14 11:52:19 СТАТУС : Проверка содержимого пакета перед отправкой.
Содержимое пакета данных.
Сигнатура - (13)JU84
Имя пользователя - Иван Залупа
Способ вывода данных на сервере - CONSOLE
Выбранный температурный режим - 23 градуса.
Длинна данных в байтах - 279
CRC32 - 2512512688
2025-05-14 12:28:57 СТАТУС : Данные собраны и отправленны на дальнейшую обработку.
2025-05-14 12:28:57 СТАТУС : Проверка содержимого пакета перед отправкой.
Содержимое пакета данных.
Сигнатура - (13)JU84
Имя пользователя - Иван Залупа
Способ вывода данных на сервере - PLAIN
Выбранный температурный режим - 22 градуса.
Длинна данных в байтах - 277
CRC32 - 536848890
2025-05-14 12:28:57 СТАТУС : Пакет данных успешно доставлен на сервер.
2025-05-14 12:32:52 СТАТУС : Данные собраны и отправленны на дальнейшую обработку.
2025-05-14 12:32:52 СТАТУС : Проверка содержимого пакета перед отправкой.
Содержимое пакета данных.
Сигнатура - (13)JU84
Имя пользователя - Иван Залупа
Способ вывода данных на сервере - PLAIN
Выбранные температурные режимы.
Ночь - 23 градуса.
Вечер - 22 градуса.
Утро - 33 градуса.
Длинна данных в байтах - 1407
CRC32 - 3484906654
2025-05-14 12:32:53 СТАТУС : Пакет данных успешно доставлен на сервер.
2025-05-14 12:33:22 СТАТУС : Данные собраны и отправленны на дальнейшую обработку.
2025-05-14 12:33:22 СТАТУС : Проверка содержимого пакета перед отправкой.
Содержимое пакета данных.
Сигнатура - (13)JU84
Имя пользователя - Иван Залупа
Способ вывода данных на сервере - PLAIN
Выбранный температурный режим - 23 градуса.
Длинна данных в байтах - 277
CRC32 - 2827454896
2025-05-14 12:33:22 СТАТУС : Пакет данных успешно доставлен на сервер.
2025-05-14 12:34:53 СТАТУС : Данные собраны и отправленны на дальнейшую обработку.
2025-05-14 12:34:53 СТАТУС : Проверка содержимого пакета перед отправкой.
Содержимое пакета данных.
Сигнатура - (13)JU84
Имя пользователя - Иван Залупа
Способ вывода данных на сервере - PLAIN
Выбранные температурные режимы.
Ночь - 23 градуса.
Вечер - 33 градуса.
Утро - 22 градуса.
Длинна данных в байтах - 1407
CRC32 - 3498164420
2025-05-14 12:34:53 СТАТУС : Пакет данных успешно доставлен на сервер.
2025-05-14 12:36:28 СТАТУС : Данные собраны и отправленны на дальнейшую обработку.
2025-05-14 12:36:28 СТАТУС : Проверка содержимого пакета перед отправкой.
Содержимое пакета данных.
Сигнатура - (13)JU84
Имя пользователя - Иван Залупа
Способ вывода данных на сервере - PLAIN
Выбранный температурный режим - 22 градуса.
Длинна данных в байтах - 277
CRC32 - 536848890
2025-05-14 12:36:28 СТАТУС : Пакет данных успешно доставлен на сервер.
2025-05-14 12:37:41 СТАТУС : Данные собраны и отправленны на дальнейшую обработку.
2025-05-14 12:37:41 СТАТУС : Проверка содержимого пакета перед отправкой.
Содержимое пакета данных.
Сигнатура - (13)JU84
Имя пользователя - Иван Залупа
Способ вывода данных на сервере - PLAIN
Выбранный температурный режим - 22 градуса.
Длинна данных в байтах - 277
CRC32 - 536848890
2025-05-14 12:37:41 СТАТУС : Пакет данных успешно доставлен на сервер.
2025-05-14 12:38:10 СТАТУС : Данные собраны и отправленны на дальнейшую обработку.
2025-05-14 12:38:10 СТАТУС : Проверка содержимого пакета перед отправкой.
Содержимое пакета данных.
Сигнатура - (13)JU84
Имя пользователя - Иван Залупа
Способ вывода данных на сервере - PLAIN
Выбранные температурные режимы.
Ночь - 23 градуса.
Вечер - 33 градуса.
Утро - 22 градуса.
Длинна данных в байтах - 1407
CRC32 - 3498164420
2025-05-14 12:38:10 СТАТУС : Пакет данных успешно доставлен на сервер.
2025-05-14 12:52:42 СТАТУС : Данные собраны и отправленны на дальнейшую обработку.
2025-05-14 12:52:42 СТАТУС : Проверка содержимого пакета перед отправкой.
Содержимое пакета данных.
Сигнатура - (13)JU84
Имя пользователя - Иван Залупа
Способ вывода данных на сервере - PLAIN
Выбранный температурный режим - 22 градуса.
Длинна данных в байтах - 277
CRC32 - 536848890
2025-05-14 12:52:42 СТАТУС : Пакет данных успешно доставлен на сервер.
2025-05-14 12:53:14 СТАТУС : Данные собраны и отправленны на дальнейшую обработку.
2025-05-14 12:53:14 СТАТУС : Проверка содержимого пакета перед отправкой.
Содержимое пакета данных.
Сигнатура - (13)JU84
Имя пользователя - Иван Залупа
Способ вывода данных на сервере - PLAIN
Выбранные температурные режимы.
Ночь - 23 градуса.
Вечер - 32 градуса.
Утро - 33 градуса.
Длинна данных в байтах - 1407
CRC32 - 2269218067
2025-05-14 12:53:14 СТАТУС : Пакет данных успешно доставлен на сервер.
